▿ Person
  - dob: Optional<Date>.none
  ▿ id: 00000000-0000-0000-0000-000000000000
    ▿ bytes: (16 elements)
      - .0: 0
      - .1: 0
      - .2: 0
      - .3: 0
      - .4: 0
      - .5: 0
      - .6: 0
      - .7: 0
      - .8: 0
      - .9: 0
      - .10: 0
      - .11: 0
      - .12: 0
      - .13: 0
      - .14: 0
      - .15: 0
  - name: ""
  - tags: 0 elements
